// Jest Snapshot v1, https://goo.gl/fbAQLP

exports[`DoList renders UI as expected 1`] = `<ul />`;
