// Jest Snapshot v1, https://goo.gl/fbAQLP

exports[`ToDo renders UI as expected 1`] = `<li />`;
